USES[https://github.com/boalang/test-datagen][src/JLS3/AnnDemo/v1/AnnDemo.java][1531520725000000] = 1
USES[https://github.com/boalang/test-datagen][src/JLS3/AnnDemo/v2/AnnDemo.java][1531520725000000] = 1
USES[https://github.com/boalang/test-datagen][src/JLS3/AnnDemo/v3/AnnDemo.java][1531520725000000] = 1
USES[https://github.com/boalang/test-datagen][src/JLS3/AnnDemo/v3/AnnDemo.java][1531520725000000] = 1
USES[https://github.com/boalang/test-datagen][src/JLS3/AnnDemo/v4/AnnDemo.java][1531520725000000] = 1
USES[https://github.com/boalang/test-datagen][src/JLS3/AnnDemo/v4/AnnDemo.java][1531520725000000] = 1
USES[https://github.com/boalang/test-datagen][src/JLS3/AnnDemo/v4/AnnDemo.java][1531520725000000] = 1
USES[https://github.com/boalang/test-datagen][src/JLS3/AnnDemo/v4/AnnDemo.java][1531520725000000] = 1
USES[https://github.com/boalang/test-datagen][src/JLS3/AnnDemo/v5/AnnDemo.java][1531520725000000] = 1
USES[https://github.com/boalang/test-datagen][src/JLS3/AnnDemo/v5/AnnDemo.java][1531520725000000] = 1
USES[https://github.com/boalang/test-datagen][src/JLS3/AnnDemo/v5/AnnDemo.java][1531520725000000] = 1
USES[https://github.com/boalang/test-datagen][src/JLS3/AnnDemo/v5/AnnDemo.java][1531520725000000] = 1
USES[https://github.com/boalang/test-datagen][src/JLS3/AnnDemo/v5/ToDo.java][1531520725000000] = 1
USES[https://github.com/boalang/test-datagen][src/JLS3/AnnProcDemo/AnnDemo.java][1531520725000000] = 1
USES[https://github.com/boalang/test-datagen][src/JLS3/AnnProcDemo/AnnDemo.java][1531520725000000] = 1
USES[https://github.com/boalang/test-datagen][src/JLS3/AnnProcDemo/AnnDemo.java][1531880750000000] = 1
USES[https://github.com/boalang/test-datagen][src/JLS3/AnnProcDemo/AnnDemo.java][1531880750000000] = 1
USES[https://github.com/boalang/test-datagen][src/JLS3/AnnProcDemo/ToDo.java][1531520725000000] = 1
USES[https://github.com/boalang/test-datagen][src/JLS3/AnnProcDemo/ToDo.java][1531520725000000] = 1
USES[https://github.com/boalang/test-datagen][src/JLS3/AnnProcDemo/ToDo.java][1531880750000000] = 1
USES[https://github.com/boalang/test-datagen][src/JLS3/AnnProcDemo/ToDo.java][1531880750000000] = 1
USES[https://github.com/boalang/test-datagen][src/JLS3/CovarDemo/v1/CovarDemo.java][1531520725000000] = 1
USES[https://github.com/boalang/test-datagen][src/JLS3/CovarDemo/v1/CovarDemo.java][1531520725000000] = 1
USES[https://github.com/boalang/test-datagen][src/JLS3/CovarDemo/v1/CovarDemo.java][1531520725000000] = 1
USES[https://github.com/boalang/test-datagen][src/JLS3/CovarDemo/v2/CovarDemo.java][1531520725000000] = 1
USES[https://github.com/boalang/test-datagen][src/JLS3/CovarDemo/v2/CovarDemo.java][1531520725000000] = 1
USES[https://github.com/boalang/test-datagen][src/JLS3/CovarDemo/v2/CovarDemo.java][1531520725000000] = 1
USES[https://github.com/boalang/test-datagen][src/JLS4/CustomARM/CustomARM.java][1531520725000000] = 1
USES[https://github.com/boalang/test-datagen][src/JLS4/Planets/Planets.java][1531520725000000] = 1
USES[https://github.com/boalang/test-datagen][src/JLS4/Planets/Planets.java][1531880750000000] = 1
USES[https://github.com/boalang/test-datagen][src/JLS4/SortInts/v1/SortInts.java][1531520725000000] = 1
USES[https://github.com/boalang/test-datagen][src/JLS4/SortInts/v1/SortInts.java][1531880750000000] = 1
USES[https://github.com/boalang/test-datagen][src/JLS4/SortInts/v2/SortInts.java][1531520725000000] = 1
USES[https://github.com/boalang/test-datagen][src/JLS4/SortInts/v2/SortInts.java][1531880750000000] = 1
USES[https://github.com/boalang/test-datagen][src/JLS4/SupExDemo/SupExDemo.java][1531520725000000] = 1
USES[https://github.com/boalang/test-datagen][src/JLS4/UnsafeVarargsDemo/UnsafeVarargsDemo.java][1532021515000000] = 1
USES[https://github.com/boalang/test-datagen][src/JLS4/UnsafeVarargsDemo/UnsafeVarargsDemo.java][1532026609000000] = 1
USES[https://github.com/boalang/test-datagen][src/JLS4/UnsafeVarargsDemo/UnsafeVarargsDemo.java][1532711730000000] = 1
USES[https://github.com/boalang/test-datagen][src/JLS4/UnsafeVarargsDemo/UnsafeVarargsDemo.java][1532711801000000] = 1
USES[https://github.com/boalang/test-datagen][src/JLS4/UnsafeVarargsDemo/UnsafeVarargsDemo.java][1532712183000000] = 1
USES[https://github.com/boalang/test-datagen][src/JLS4/UnsafeVarargsDemo/UnsafeVarargsDemo.java][1532712227000000] = 1
USES[https://github.com/boalang/test-datagen][src/JLS4/UnsafeVarargsDemo/UnsafeVarargsDemo.java][1534433645000000] = 1
USES[https://github.com/boalang/test-datagen][src/JLS4/UnsafeVarargsDemo/UnsafeVarargsDemo2.java][1532029613000000] = 1
USES[https://github.com/boalang/test-datagen][src/JLS4/UnsafeVarargsDemo/UnsafeVarargsDemo2.java][1532032882000000] = 1
USES[https://github.com/boalang/test-datagen][src/JLS4/UnsafeVarargsDemo/UnsafeVarargsDemo2.java][1534433645000000] = 1
USES[https://github.com/boalang/test-datagen][src/JLS8/DMDemo/v1/DMDemo.java][1531520725000000] = 1
USES[https://github.com/boalang/test-datagen][src/JLS8/DMDemo/v1/DMDemo.java][1531520725000000] = 1
USES[https://github.com/boalang/test-datagen][src/JLS8/DMDemo/v1/DMDemo.java][1531520725000000] = 1
USES[https://github.com/boalang/test-datagen][src/JLS8/DMDemo/v1/DMDemo.java][1531520725000000] = 1
USES[https://github.com/boalang/test-datagen][src/JLS8/DMDemo/v1/DMDemo.java][1531520725000000] = 1
USES[https://github.com/boalang/test-datagen][src/JLS8/DMDemo/v1/DMDemo.java][1531880750000000] = 1
USES[https://github.com/boalang/test-datagen][src/JLS8/DMDemo/v1/DMDemo.java][1531880750000000] = 1
USES[https://github.com/boalang/test-datagen][src/JLS8/DMDemo/v1/DMDemo.java][1531880750000000] = 1
USES[https://github.com/boalang/test-datagen][src/JLS8/DMDemo/v1/DMDemo.java][1531880750000000] = 1
USES[https://github.com/boalang/test-datagen][src/JLS8/DMDemo/v1/DMDemo.java][1531880750000000] = 1
USES[https://github.com/boalang/test-datagen][src/JLS8/DMDemo/v2/DMDemo.java][1531520725000000] = 1
USES[https://github.com/boalang/test-datagen][src/JLS8/DMDemo/v2/DMDemo.java][1531520725000000] = 1
USES[https://github.com/boalang/test-datagen][src/JLS8/DMDemo/v2/DMDemo.java][1531520725000000] = 1
USES[https://github.com/boalang/test-datagen][src/JLS8/DMDemo/v2/DMDemo.java][1531520725000000] = 1
USES[https://github.com/boalang/test-datagen][src/JLS8/DMDemo/v2/DMDemo.java][1531520725000000] = 1
USES[https://github.com/boalang/test-datagen][src/JLS8/DMDemo/v2/DMDemo.java][1531880750000000] = 1
USES[https://github.com/boalang/test-datagen][src/JLS8/DMDemo/v2/DMDemo.java][1531880750000000] = 1
USES[https://github.com/boalang/test-datagen][src/JLS8/DMDemo/v2/DMDemo.java][1531880750000000] = 1
USES[https://github.com/boalang/test-datagen][src/JLS8/DMDemo/v2/DMDemo.java][1531880750000000] = 1
USES[https://github.com/boalang/test-datagen][src/JLS8/DMDemo/v2/DMDemo.java][1531880750000000] = 1
USES[https://github.com/boalang/test-datagen][src/JLS8/DMDemo/v3/DMDemo.java][1531520725000000] = 1
USES[https://github.com/boalang/test-datagen][src/JLS8/DMDemo/v3/DMDemo.java][1531520725000000] = 1
USES[https://github.com/boalang/test-datagen][src/JLS8/DMDemo/v3/DMDemo.java][1531520725000000] = 1
USES[https://github.com/boalang/test-datagen][src/JLS8/DMDemo/v3/DMDemo.java][1531520725000000] = 1
USES[https://github.com/boalang/test-datagen][src/JLS8/DMDemo/v3/DMDemo.java][1531520725000000] = 1
USES[https://github.com/boalang/test-datagen][src/JLS8/DMDemo/v3/DMDemo.java][1531520725000000] = 1
USES[https://github.com/boalang/test-datagen][src/JLS8/DMDemo/v3/DMDemo.java][1531880750000000] = 1
USES[https://github.com/boalang/test-datagen][src/JLS8/DMDemo/v3/DMDemo.java][1531880750000000] = 1
USES[https://github.com/boalang/test-datagen][src/JLS8/DMDemo/v3/DMDemo.java][1531880750000000] = 1
USES[https://github.com/boalang/test-datagen][src/JLS8/DMDemo/v3/DMDemo.java][1531880750000000] = 1
USES[https://github.com/boalang/test-datagen][src/JLS8/DMDemo/v3/DMDemo.java][1531880750000000] = 1
USES[https://github.com/boalang/test-datagen][src/JLS8/DMDemo/v3/DMDemo.java][1531880750000000] = 1
USES[https://github.com/boalang/test-datagen][src/JLS8/DMDemo/v4/DMDemo.java][1531520725000000] = 1
USES[https://github.com/boalang/test-datagen][src/JLS8/IGTIDemo/IGTIDemo.java][1531520725000000] = 1
USES[https://github.com/boalang/test-datagen][src/JLS8/LambdaDemo/v2/LambdaDemo.java][1531520725000000] = 1
USES[https://github.com/boalang/test-datagen][src/JLS8/LambdaDemo/v3/LambdaDemo.java][1531520725000000] = 1
USES[https://github.com/boalang/test-datagen][src/JLS8/LambdaDemo/v3/LambdaDemo.java][1531520725000000] = 1
USES[https://github.com/boalang/test-datagen][src/JLS8/LambdaDemo/v4/LambdaDemo.java][1531520725000000] = 1
USES[https://github.com/boalang/test-datagen][src/JLS8/LambdaDemo/v7/LambdaDemo.java][1531520725000000] = 1
USES[https://github.com/boalang/test-datagen][src/JLS8/LambdaDemo/v8/LambdaDemo.java][1531520725000000] = 1
USES[https://github.com/boalang/test-datagen][src/JLS8/MRDemo/v2/MRDemo.java][1531520725000000] = 1
USES[https://github.com/boalang/test-datagen][src/JLS8/MRDemo/v3/MRDemo.java][1531520725000000] = 1
USES[https://github.com/boalang/test-datagen][src/JLS8/MRDemo/v6/MRDemo.java][1531520725000000] = 1
USES[https://github.com/boalang/test-datagen][src/JLS8/RADemo/Account.java][1531520725000000] = 1
USES[https://github.com/boalang/test-datagen][src/JLS8/RADemo/Account.java][1531520725000000] = 1
USES[https://github.com/boalang/test-datagen][src/JLS8/RADemo/Account.java][1531520725000000] = 1
USES[https://github.com/boalang/test-datagen][src/JLS8/RADemo/Account.java][1531520725000000] = 1
USES[https://github.com/boalang/test-datagen][src/JLS8/RADemo/ToDo.java][1531520725000000] = 1
USES[https://github.com/boalang/test-datagen][src/JLS8/RADemo/ToDo.java][1531520725000000] = 1
USES[https://github.com/boalang/test-datagen][src/JLS8/RADemo/ToDo.java][1531520725000000] = 1
USES[https://github.com/boalang/test-datagen][src/JLS8/RADemo/ToDos.java][1531520725000000] = 1
USES[https://github.com/boalang/test-datagen][src/JLS8/RADemo/ToDos.java][1531520725000000] = 1
USES[https://github.com/boalang/test-datagen][src/JLS8/SMDemo/SMDemo.java][1531520725000000] = 1
