USES[https://github.com/boalang/test-datagen][src/JLS2/AssertDemo/v1/AssertDemo.java][1531520725000000] = 1
USES[https://github.com/boalang/test-datagen][src/JLS2/AssertDemo/v2/AssertDemo.java][1531520725000000] = 1
USES[https://github.com/boalang/test-datagen][src/JLS2/AssertDemo/v3/AssertDemo.java][1531520725000000] = 1
USES[https://github.com/boalang/test-datagen][src/JLS2/AssertDemo/v3/AssertDemo.java][1532028844000000] = 1
USES[https://github.com/boalang/test-datagen][src/JLS2/AssertDemo/v3/AssertDemo.java][1532032882000000] = 1
USES[https://github.com/boalang/test-datagen][src/JLS2/AssertDemo/v3/AssertDemo.java][1534433645000000] = 1
USES[https://github.com/boalang/test-datagen][src/JLS2/AssertDemo/v4/AssertDemo.java][1531520725000000] = 1
USES[https://github.com/boalang/test-datagen][src/JLS2/AssertDemo/v4/AssertDemo.java][1532029015000000] = 1
USES[https://github.com/boalang/test-datagen][src/JLS2/AssertDemo/v4/AssertDemo.java][1532032882000000] = 1
USES[https://github.com/boalang/test-datagen][src/JLS2/AssertDemo/v4/AssertDemo.java][1534433645000000] = 1
USES[https://github.com/boalang/test-datagen][src/JLS3/TEDemo/v1/TEDemo.java][1531520725000000] = 1
