USES[https://github.com/boalang/test-datagen][src/JLS7/BinLitDemo/BinLitDemo.java][1531520725000000] = 1
USES[https://github.com/boalang/test-datagen][src/JLS7/BinLitDemo/BinLitDemo.java][1531520725000000] = 1
USES[https://github.com/boalang/test-datagen][src/JLS7/BinLitDemo/BinLitDemo.java][1531520725000000] = 1
USES[https://github.com/boalang/test-datagen][src/JLS7/BinLitDemo/BinLitDemo.java][1531520725000000] = 1
USES[https://github.com/boalang/test-datagen][src/JLS7/BinLitDemo/BinLitDemo.java][1531520725000000] = 1
USES[https://github.com/boalang/test-datagen][src/JLS7/BinLitDemo/BinLitDemo.java][1531520725000000] = 1
USES[https://github.com/boalang/test-datagen][src/JLS7/BinLitDemo/BinLitDemo.java][1531520725000000] = 1
USES[https://github.com/boalang/test-datagen][src/JLS7/BinLitDemo/BinLitDemo.java][1531520725000000] = 1
USES[https://github.com/boalang/test-datagen][src/JLS7/BinLitDemo/BinLitDemo.java][1531520725000000] = 1
USES[https://github.com/boalang/test-datagen][src/JLS7/BinLitDemo/BinLitDemo.java][1531520725000000] = 1
USES[https://github.com/boalang/test-datagen][src/JLS7/BinLitDemo/BinLitDemo.java][1531520725000000] = 1
USES[https://github.com/boalang/test-datagen][src/JLS7/BinLitDemo/BinLitDemo.java][1531520725000000] = 1
USES[https://github.com/boalang/test-datagen][src/JLS7/BinLitDemo/BinLitDemo.java][1531520725000000] = 1
USES[https://github.com/boalang/test-datagen][src/JLS7/BinLitDemo/BinLitDemo.java][1531520725000000] = 1
USES[https://github.com/boalang/test-datagen][src/JLS7/BinLitDemo/BinLitDemo.java][1531520725000000] = 1
USES[https://github.com/boalang/test-datagen][src/JLS7/BinLitDemo/BinLitDemo.java][1531520725000000] = 1
USES[https://github.com/boalang/test-datagen][src/JLS7/BinLitDemo/BinLitDemo.java][1531520725000000] = 1
USES[https://github.com/boalang/test-datagen][src/JLS7/BinLitDemo/BinLitDemo.java][1531520725000000] = 1
USES[https://github.com/boalang/test-datagen][src/JLS7/BinLitDemo/BinLitDemo.java][1531520725000000] = 1
USES[https://github.com/boalang/test-datagen][src/JLS7/BinLitDemo/BinLitDemo.java][1531520725000000] = 1
USES[https://github.com/boalang/test-datagen][src/JLS7/BinLitDemo/BinLitDemo.java][1531520725000000] = 1
USES[https://github.com/boalang/test-datagen][src/JLS7/BinLitDemo/BinLitDemo.java][1531520725000000] = 1
USES[https://github.com/boalang/test-datagen][src/JLS7/BinLitDemo/BinLitDemo.java][1531520725000000] = 1
USES[https://github.com/boalang/test-datagen][src/JLS7/BinLitDemo/BinLitDemo.java][1531880750000000] = 1
USES[https://github.com/boalang/test-datagen][src/JLS7/BinLitDemo/BinLitDemo.java][1531880750000000] = 1
USES[https://github.com/boalang/test-datagen][src/JLS7/BinLitDemo/BinLitDemo.java][1531880750000000] = 1
USES[https://github.com/boalang/test-datagen][src/JLS7/BinLitDemo/BinLitDemo.java][1531880750000000] = 1
USES[https://github.com/boalang/test-datagen][src/JLS7/BinLitDemo/BinLitDemo.java][1531880750000000] = 1
USES[https://github.com/boalang/test-datagen][src/JLS7/BinLitDemo/BinLitDemo.java][1531880750000000] = 1
USES[https://github.com/boalang/test-datagen][src/JLS7/BinLitDemo/BinLitDemo.java][1531880750000000] = 1
USES[https://github.com/boalang/test-datagen][src/JLS7/BinLitDemo/BinLitDemo.java][1531880750000000] = 1
USES[https://github.com/boalang/test-datagen][src/JLS7/BinLitDemo/BinLitDemo.java][1531880750000000] = 1
USES[https://github.com/boalang/test-datagen][src/JLS7/BinLitDemo/BinLitDemo.java][1531880750000000] = 1
USES[https://github.com/boalang/test-datagen][src/JLS7/BinLitDemo/BinLitDemo.java][1531880750000000] = 1
USES[https://github.com/boalang/test-datagen][src/JLS7/BinLitDemo/BinLitDemo.java][1531880750000000] = 1
USES[https://github.com/boalang/test-datagen][src/JLS7/BinLitDemo/BinLitDemo.java][1531880750000000] = 1
USES[https://github.com/boalang/test-datagen][src/JLS7/BinLitDemo/BinLitDemo.java][1531880750000000] = 1
USES[https://github.com/boalang/test-datagen][src/JLS7/BinLitDemo/BinLitDemo.java][1531880750000000] = 1
USES[https://github.com/boalang/test-datagen][src/JLS7/BinLitDemo/BinLitDemo.java][1531880750000000] = 1
USES[https://github.com/boalang/test-datagen][src/JLS7/BinLitDemo/BinLitDemo.java][1531880750000000] = 1
USES[https://github.com/boalang/test-datagen][src/JLS7/BinLitDemo/BinLitDemo.java][1531880750000000] = 1
USES[https://github.com/boalang/test-datagen][src/JLS7/BinLitDemo/BinLitDemo.java][1531880750000000] = 1
USES[https://github.com/boalang/test-datagen][src/JLS7/BinLitDemo/BinLitDemo.java][1531880750000000] = 1
USES[https://github.com/boalang/test-datagen][src/JLS7/BinLitDemo/BinLitDemo.java][1531880750000000] = 1
USES[https://github.com/boalang/test-datagen][src/JLS7/BinLitDemo/BinLitDemo.java][1531880750000000] = 1
USES[https://github.com/boalang/test-datagen][src/JLS7/BinLitDemo/BinLitDemo.java][1531880750000000] = 1
