AST[] = 11639
ASTMax[] = 140492550, 11639.0
ASTMean[] = 65.75706214689265
ASTMin[] = 140492550, 11639.0
ASTProjects[] = 1
ASTRepositories[] = 1
JavaSnapshots[] = 177
JavaSnapshotsMax[] = 140492550, 177.0
JavaSnapshotsMean[] = 3.339622641509434
JavaSnapshotsMin[] = 140492550, 177.0
Projects[] = 1
Repositories[] = 1
Revisions[] = 53
RevisionsMax[] = 140492550, 53.0
RevisionsMean[] = 53.0
RevisionsMin[] = 140492550, 53.0
