DEAD[] = {
   "change": "UNKNOWN",
   "kind": "SOURCE_JAVA_JLS7",
   "name": "src/JLS7/UnsafeVarargsDemo/UnsafeVarargsDemo.java",
   "key": 142653,
   "ast": true
} - unsafe, 1.0
