USES[https://github.com/boalang/test-datagen][src/JLS7/BoxDemo/BoxDemo.java][1531520725000000] = 1
USES[https://github.com/boalang/test-datagen][src/JLS8/IGTIDemo/IGTIDemo.java][1531520725000000] = 1
USES[https://github.com/boalang/test-datagen][src/JLS8/LambdaDemo/v10/LambdaDemo.java][1531520725000000] = 1
USES[https://github.com/boalang/test-datagen][src/JLS8/LambdaDemo/v9/LambdaDemo.java][1531520725000000] = 1
