types[140492550][Account] = src/JLS8/LambdaDemo/v10/LambdaDemo.java
types[140492550][Account] = src/JLS8/LambdaDemo/v9/LambdaDemo.java
types[140492550][Account] = src/JLS8/RADemo/Account.java
types[140492550][Accountant] = src/JLS2/GenDemo/v2/GenDemo.java
types[140492550][Accountant] = src/JLS3/GenDemo/v2/GenDemo.java
types[140492550][Accountant] = src/JLS3/GenDemo/v2/GenDemo2.java
types[140492550][AnnDemo] = src/JLS3/AnnDemo/v4/AnnDemo.java
types[140492550][AnnDemo] = src/JLS3/AnnDemo/v5/AnnDemo.java
types[140492550][AnnDemo] = src/JLS3/AnnProcDemo/AnnDemo.java
types[140492550][AnnDemo] = src/JLS3/AnnDemo/v3/AnnDemo.java
types[140492550][AnnDemo] = src/JLS3/AnnDemo/v1/AnnDemo.java
types[140492550][AnnDemo] = src/JLS3/AnnDemo/v2/AnnDemo.java
types[140492550][AnnProcDemo] = src/JLS3/AnnProcDemo/AnnProcDemo.java
types[140492550][AssertDemo] = src/JLS2/AssertDemo/v1/AssertDemo.java
types[140492550][AssertDemo] = src/JLS2/AssertDemo/v4/AssertDemo.java
types[140492550][AssertDemo] = src/JLS2/AssertDemo/v2/AssertDemo.java
types[140492550][AssertDemo] = src/JLS2/AssertDemo/v3/AssertDemo.java
types[140492550][BinLitDemo] = src/JLS4/BinLitDemo/BinLitDemo.java
types[140492550][BoxDemo] = src/JLS3/BoxDemo/v2/BoxDemo.java
types[140492550][BoxDemo] = src/JLS4/BoxDemo/BoxDemo.java
types[140492550][BoxDemo] = src/JLS3/BoxDemo/v1/BoxDemo.java
types[140492550][Box] = src/JLS4/BoxDemo/Box.java
types[140492550][BreakageDemo] = src/JLS4/BreakageDemo/BreakageDemo.java
types[140492550][Car] = src/JLS8/DMDemo/v3/DMDemo.java
types[140492550][Car] = src/JLS8/DMDemo/v2/DMDemo.java
types[140492550][Car] = src/JLS8/DMDemo/v1/DMDemo.java
types[140492550][CardboardFactory] = src/JLS3/CovarDemo/v2/CovarDemo.java
types[140492550][CardboardFactory] = src/JLS3/CovarDemo/v1/CovarDemo.java
types[140492550][Cardboard] = src/JLS3/CovarDemo/v2/CovarDemo.java
types[140492550][Cardboard] = src/JLS3/CovarDemo/v1/CovarDemo.java
types[140492550][Container] = src/JLS2/GenDemo/v1/GenDemo.java
types[140492550][Container] = src/JLS3/GenDemo/v1/GenDemo.java
types[140492550][Container] = src/JLS3/GenDemo/v1/GenDemo1.java
types[140492550][CopyToDatabaseOrFile] = src/JLS4/CopyToDatabaseOrFile/v2/CopyToDatabaseOrFile.java
types[140492550][CopyToDatabaseOrFile] = src/JLS4/CopyToDatabaseOrFile/v1/CopyToDatabaseOrFile.java
types[140492550][Copy] = src/JLS4/Copy/v1/Copy.java
types[140492550][Copy] = src/JLS4/Copy/v2/Copy.java
types[140492550][CovarDemo] = src/JLS3/CovarDemo/v2/CovarDemo.java
types[140492550][CovarDemo] = src/JLS3/CovarDemo/v1/CovarDemo.java
types[140492550][DMDemo] = src/JLS8/DMDemo/v3/DMDemo.java
types[140492550][DMDemo] = src/JLS8/DMDemo/v2/DMDemo.java
types[140492550][DMDemo] = src/JLS8/DMDemo/v4/DMDemo.java
types[140492550][DMDemo] = src/JLS8/DMDemo/v1/DMDemo.java
types[140492550][Drawable] = src/JLS8/SMDemo/Drawable.java
types[140492550][Drivable] = src/JLS8/DMDemo/v1/Drivable.java
types[140492550][Drivable] = src/JLS8/DMDemo/v2/Drivable.java
types[140492550][Drivable] = src/JLS8/DMDemo/v3/Drivable.java
types[140492550][Employee] = src/JLS2/GenDemo/v2/GenDemo.java
types[140492550][Employee] = src/JLS3/GenDemo/v2/GenDemo.java
types[140492550][Employee] = src/JLS3/GenDemo/v2/GenDemo2.java
types[140492550][Employee] = src/JLS3/EnForLoopDemo/v1/EnForLoopDemo.java
types[140492550][EnForLoopDemo] = src/JLS3/EnForLoopDemo/v2/EnForLoopDemo.java
types[140492550][EnForLoopDemo] = src/JLS3/EnForLoopDemo/v1/EnForLoopDemo.java
types[140492550][Filter] = src/JLS3/GenDemo/v5/GenDemo5.java
types[140492550][Filter] = src/JLS3/GenDemo/v5/GenDemo.java
types[140492550][Filter] = src/JLS2/GenDemo/v5/GenDemo.java
types[140492550][GenDemo.] = src/JLS3/GenDemo/v5/GenDemo5.java
types[140492550][GenDemo.] = src/JLS3/GenDemo/v5/GenDemo.java
types[140492550][GenDemo.] = src/JLS2/GenDemo/v5/GenDemo.java
types[140492550][GenDemo] = src/JLS2/GenDemo/v2/GenDemo.java
types[140492550][GenDemo] = src/JLS2/GenDemo/v1/GenDemo.java
types[140492550][GenDemo] = src/JLS2/GenDemo/v4/GenDemo.java
types[140492550][GenDemo] = src/JLS3/GenDemo/v5/GenDemo5.java
types[140492550][GenDemo] = src/JLS2/GenDemo/v5/GenDemo.java
types[140492550][GenDemo] = src/JLS3/GenDemo/v1/GenDemo1.java
types[140492550][GenDemo] = src/JLS3/GenDemo/v3/GenDemo3.java
types[140492550][GenDemo] = src/JLS3/GenDemo/v4/GenDemo.java
types[140492550][GenDemo] = src/JLS3/GenDemo/v3/GenDemo.java
types[140492550][GenDemo] = src/JLS3/GenDemo/v2/GenDemo.java
types[140492550][GenDemo] = src/JLS3/GenDemo/v5/GenDemo.java
types[140492550][GenDemo] = src/JLS3/GenDemo/v1/GenDemo.java
types[140492550][GenDemo] = src/JLS3/GenDemo/v2/GenDemo2.java
types[140492550][GenDemo] = src/JLS3/GenDemo/v4/GenDemo4.java
types[140492550][GenDemo] = src/JLS2/GenDemo/v3/GenDemo.java
types[140492550][HeapPollutionDemo] = src/JLS4/HeapPollutionDemo/HeapPollutionDemo.java
types[140492550][LambdaDemo.] = src/JLS8/LambdaDemo/v7/LambdaDemo.java
types[140492550][LambdaDemo.] = src/JLS8/LambdaDemo/v2/LambdaDemo.java
types[140492550][LambdaDemo.] = src/JLS8/LambdaDemo/v4/LambdaDemo.java
types[140492550][LambdaDemo] = src/JLS8/LambdaDemo/v1/LambdaDemo.java
types[140492550][LambdaDemo] = src/JLS8/LambdaDemo/v3/LambdaDemo.java
types[140492550][LambdaDemo] = src/JLS8/LambdaDemo/v6/LambdaDemo.java
types[140492550][LambdaDemo] = src/JLS8/LambdaDemo/v7/LambdaDemo.java
types[140492550][LambdaDemo] = src/JLS8/LambdaDemo/v10/LambdaDemo.java
types[140492550][LambdaDemo] = src/JLS8/LambdaDemo/v2/LambdaDemo.java
types[140492550][LambdaDemo] = src/JLS8/LambdaDemo/v9/LambdaDemo.java
types[140492550][LambdaDemo] = src/JLS8/LambdaDemo/v4/LambdaDemo.java
types[140492550][LambdaDemo] = src/JLS8/LambdaDemo/v8/LambdaDemo.java
types[140492550][LambdaDemo] = src/JLS8/LambdaDemo/v5/LambdaDemo.java
types[140492550][Light] = src/JLS3/StaticImportsDemo/v1/Light.java
types[140492550][MRDemo.] = src/JLS8/MRDemo/v3/MRDemo.java
types[140492550][MRDemo.] = src/JLS8/MRDemo/v2/MRDemo.java
types[140492550][MRDemo] = src/JLS8/MRDemo/v1/MRDemo.java
types[140492550][MRDemo] = src/JLS8/MRDemo/v3/MRDemo.java
types[140492550][MRDemo] = src/JLS8/MRDemo/v4/MRDemo.java
types[140492550][MRDemo] = src/JLS8/MRDemo/v5/MRDemo.java
types[140492550][MRDemo] = src/JLS8/MRDemo/v2/MRDemo.java
types[140492550][MRDemo] = src/JLS8/MRDemo/v6/MRDemo.java
types[140492550][Marble] = src/JLS4/BoxDemo/Marble.java
types[140492550][MonitorEngine] = src/JLS4/MonitorEngine/v2/MonitorEngine.java
types[140492550][MonitorEngine] = src/JLS4/MonitorEngine/v1/MonitorEngine.java
types[140492550][PNG] = src/JLS2/AssertDemo/v3/AssertDemo.java
types[140492550][PaperFactory] = src/JLS3/CovarDemo/v2/CovarDemo.java
types[140492550][PaperFactory] = src/JLS3/CovarDemo/v1/CovarDemo.java
types[140492550][Paper] = src/JLS3/CovarDemo/v2/CovarDemo.java
types[140492550][Paper] = src/JLS3/CovarDemo/v1/CovarDemo.java
types[140492550][Planets] = src/JLS4/Planets/Planets.java
types[140492550][PressureException] = src/JLS4/MonitorEngine/v2/MonitorEngine.java
types[140492550][PressureException] = src/JLS4/MonitorEngine/v1/MonitorEngine.java
types[140492550][SortInts.] = src/JLS4/SortInts/v1/SortInts.java
types[140492550][SortInts.] = src/JLS4/SortInts/v2/SortInts.java
types[140492550][SortInts] = src/JLS4/SortInts/v1/SortInts.java
types[140492550][SortInts] = src/JLS4/SortInts/v2/SortInts.java
types[140492550][SortedEmployees] = src/JLS2/GenDemo/v2/GenDemo.java
types[140492550][SortedEmployees] = src/JLS3/GenDemo/v2/GenDemo.java
types[140492550][SortedEmployees] = src/JLS3/GenDemo/v2/GenDemo2.java
types[140492550][StaticImportsDemo] = src/JLS3/StaticImportsDemo/v1/StaticImportsDemo.java
types[140492550][StaticImportsDemo] = src/JLS3/StaticImportsDemo/v2/StaticImportsDemo.java
types[140492550][SubException1] = src/JLS4/BreakageDemo/BreakageDemo.java
types[140492550][SubException2] = src/JLS4/BreakageDemo/BreakageDemo.java
types[140492550][SuperException] = src/JLS4/BreakageDemo/BreakageDemo.java
types[140492550][Switchable] = src/JLS3/StaticImportsDemo/v1/Switchable.java
types[140492550][TEDemo] = src/JLS3/TEDemo/v1/TEDemo.java
types[140492550][TEDemo] = src/JLS3/TEDemo/v2/TEDemo.java
types[140492550][TemperatureException] = src/JLS4/MonitorEngine/v2/MonitorEngine.java
types[140492550][TemperatureException] = src/JLS4/MonitorEngine/v1/MonitorEngine.java
types[140492550][ToDo] = src/JLS3/AnnDemo/v4/ToDo.java
types[140492550][ToDo] = src/JLS3/AnnProcDemo/ToDo.java
types[140492550][ToDo] = src/JLS8/RADemo/ToDo.java
types[140492550][ToDo] = src/JLS3/AnnDemo/v3/ToDo.java
types[140492550][ToDo] = src/JLS3/AnnDemo/v5/ToDo.java
types[140492550][ToDo] = src/JLS3/AnnDemo/v2/ToDo.java
types[140492550][TransientDemo.Transient] = src/JLS2/TransientDemo/Transient.java
types[140492550][UndLitDemo] = src/JLS4/UndLitDemo/UndLitDemo.java
types[140492550][UnsafeVarargsDemo2] = src/JLS4/UnsafeVarargsDemo/UnsafeVarargsDemo2.java
types[140492550][UnsafeVarargsDemo] = src/JLS4/UnsafeVarargsDemo/UnsafeVarargsDemo.java
types[140492550][Volatile.VolatileDemo] = src/JLS2/Volatile/VolatileDemo.java
types[140492550][foo.Light] = src/JLS3/StaticImportsDemo/v2/foo/Light.java
types[140492550][foo.Switchable] = src/JLS3/StaticImportsDemo/v2/foo/Switchable.java
