USES[https://github.com/boalang/test-datagen][src/JLS3/TEDemo/v1/TEDemo.java][1531520725000000] = 1
USES[https://github.com/boalang/test-datagen][src/JLS3/TEDemo/v2/TEDemo.java][1531520725000000] = 1
