USES[https://github.com/boalang/test-datagen][src/JLS3/GenDemo/v2/GenDemo.java][1534438125000000] = 1
USES[https://github.com/boalang/test-datagen][src/JLS3/GenDemo/v2/GenDemo2.java][1534438125000000] = 1
