USES[https://github.com/boalang/test-datagen][src/JLS4/CopyToDatabaseOrFile/v2/CopyToDatabaseOrFile.java][1531520725000000] = 1
USES[https://github.com/boalang/test-datagen][src/JLS4/CopyToDatabaseOrFile/v2/CopyToDatabaseOrFile.java][1531546584000000] = 1
USES[https://github.com/boalang/test-datagen][src/JLS7/CopyToDatabaseOrFile/v2/CopyToDatabaseOrFile.java][1651287276000000] = 1
